// Jest Snapshot v1, https://goo.gl/fbAQLP

exports[`MainSearch should set attribs from props 1`] = `ShallowWrapper {}`;
